---- pfactorial = evalFun (deBruijn factorial), reflected
-- type: Int -> Int
-- data Bool = False | True
\ (n :: Int) ->
  letrec
    f :: Int -> Int = \ (a :: Int) ->
        case a == 0 of
          False -> let x :: Int = a - 1
            in let x_1 :: Int = f x
               in let x_2 :: Int = a * x_1
                  in x_2
          True -> 1
  in f n
---- pfactorial, C
#include <stdint.h>
#include <stdlib.h>
#include <stdio.h>
#include <math.h>

/* Data.Bool_Type.Bool: False=0, True=1 */

static int64_t f(int64_t a);
static int64_t f(int64_t a) {
  int64_t r_0;
  switch ((a == 0)) {
  case 0: {
  int64_t x = (a - 1);
  int64_t x_1 = f(x);
  int64_t x_2 = (a * x_1);
  r_0 = x_2; break; }
  case 1: {
  r_0 = 1; break; }
  default: abort();
  }
  return r_0;
}

int64_t pfactorial(int64_t n) {
  return f(n);
}
---- factorial written by hand in low code, reflected
-- type: Int -> Int
-- data Bool = False | True
\ (n :: Int) ->
  letrec
    go :: Int -> Int = \ (m :: Int) ->
        case m == 0 of
          False -> m * go (m - 1)
          True -> 1
  in go n
---- factorial written by hand in low code, C
#include <stdint.h>
#include <stdlib.h>
#include <stdio.h>
#include <math.h>

/* Data.Bool_Type.Bool: False=0, True=1 */

static int64_t go(int64_t m);
static int64_t go(int64_t m) {
  int64_t r_0;
  switch ((m == 0)) {
  case 0: {
  r_0 = (m * go((m - 1))); break; }
  case 1: {
  r_0 = 1; break; }
  default: abort();
  }
  return r_0;
}

int64_t factorial(int64_t n) {
  return go(n);
}
---- pfibonacci, reflected
-- type: Int -> Int
-- data Bool = False | True
\ (n :: Int) ->
  letrec
    f :: Int -> Int = \ (a :: Int) ->
        case a == 0 of
          False -> let x :: Int = a - 1
            in case x == 0 of
                 False -> let x_1 :: Int = a - 1
                   in let x_2 :: Int = f x_1
                      in let x_3 :: Int = a - 2
                         in let x_4 :: Int = f x_3
                            in let x_5 :: Int = x_2 + x_4
                               in x_5
                 True -> 1
          True -> 0
  in f n
---- \ input -> (\ x -> if0 input then 0 else x + x) (spin input), reflected
-- type: Int -> Int
-- data Bool = False | True
\ (n :: Int) ->
  case n == 0 of
    False -> letrec
        f :: Int -> Int = \ (a :: Int) ->
            f a
      in let x :: Int = f n
         in let x_1 :: Int = x + x
            in x_1
    True -> 0
---- \ input -> (\ x -> x + x + x + x) (fib input), reflected
-- type: Int -> Int
-- data Bool = False | True
\ (n :: Int) ->
  letrec
    f :: Int -> Int = \ (a :: Int) ->
        case a == 0 of
          False -> let x :: Int = a - 1
            in case x == 0 of
                 False -> let x_1 :: Int = a - 1
                   in let x_2 :: Int = f x_1
                      in let x_3 :: Int = a - 2
                         in let x_4 :: Int = f x_3
                            in let x_5 :: Int = x_2 + x_4
                               in x_5
                 True -> 1
          True -> 0
  in let x_6 :: Int = f n
     in let x_7 :: Int = x_6 + x_6
        in let x_8 :: Int = x_7 + x_6
           in let x_9 :: Int = x_8 + x_6
              in x_9
---- factorial 10, 6 * 7 (Church), (\ x -> 42) omega: computed by the compiler
-- type: Int
3628800
-- type: Int
42
-- type: Int
42
---- run
[1,1,120,3628800,2432902008176640000]
[0,1,1,610]
(0,2440)
(3628800,42,42)
