---- pfibs = compileFun (deBruijn fibsProgram), reflected
-- type: Int -> Int
-- data Cell = Thunk Int Ints | Done RV
-- data Ints = INil | ICons Int Ints
-- data RV = RInt Int | RNil | RCons Int Int
-- data Heap = Empty | Node Heap Cell Heap
-- data Bool = False | True
-- data Res = Res RV St
-- data St = St Int Heap
\ (n :: Int) ->
  letrec
    x :: Heap -> Int -> Cell = \ (h :: Heap) (a :: Int) ->
        case h of
          Node x3 x4 x5 -> case a == 1 of
              False -> case (a - (2 * (a `quot` 2))) == 0 of
                  False -> x x5 (a `quot` 2)
                  True -> x x3 (a `quot` 2)
              True -> x4
          _ -> fail "\"./LowFutamuraLazy.hs\",773:27"
  in letrec
       x_1 :: Heap -> Int -> Cell -> Heap = \ (h_1 :: Heap) (a_1 :: Int) (c :: Cell) ->
           case h_1 of
             Empty -> Node Empty c Empty
             Node x3_1 x4_1 x5_1 -> case a_1 == 1 of
                 False -> case (a_1 - (2 * (a_1 `quot` 2))) == 0 of
                     False -> Node x3_1 x4_1 (x_1 x5_1 (a_1 `quot` 2) c)
                     True -> Node (x_1 x3_1 (a_1 `quot` 2) c) x4_1 x5_1
                 True -> Node x3_1 c x5_1
     in letrec
          x_2 :: Int -> Int -> Ints -> St -> Res = \ (c_1 :: Int) (a_2 :: Int) (xs :: Ints) (st :: St) ->
              case c_1 == 0 of
                False -> let d :: Int = c_1 - 1
                  in case d == 0 of
                       False -> case d == 1 of
                           False -> case d == 2 of
                               False -> case d == 3 of
                                   False -> case xs of
                                       ICons a0_1 x4_2 -> case x4_2 of
                                           ICons a0_3 x4_3 -> let x1_4 :: Res = x_2 0 a0_3 INil st
                                             in case x1_4 of
                                                  Res a0_5 x4_4 -> case a0_5 of
                                                      RNil -> Res RNil x4_4
                                                      RCons a0_7 x4_5 -> let x1_6 :: Res = x_2 0 a0_1 INil x4_4
                                                        in case x1_6 of
                                                             Res a0_9 x4_6 -> case a0_9 of
                                                                 RNil -> Res RNil x4_6
                                                                 RCons a0_11 x4_7 -> case x4_6 of
                                                                     St a0_13 x4_8 -> let s1 :: St = St (a0_13 + 1) (x_1 x4_8 a0_13 (Thunk 3 (ICons a0_11 (ICons a0_7 INil))))
                                                                       in case s1 of
                                                                            St a0_15 x4_9 -> let s1_1 :: St = St (a0_15 + 1) (x_1 x4_9 a0_15 (Thunk 4 (ICons x4_7 (ICons x4_5 INil))))
                                                                              in let x_3 :: RV = RCons a0_13 a0_15
                                                                                 in Res x_3 s1_1
                                                                 _ -> fail "\"./LowFutamuraLazy.hs\",338:33"
                                                      _ -> fail "\"./LowFutamuraLazy.hs\",338:33"
                                           _ -> fail "\"./LowFutamuraLazy.hs\",357:34"
                                       _ -> fail "\"./LowFutamuraLazy.hs\",357:34"
                                   True -> case xs of
                                       ICons a0_17 x4_10 -> case x4_10 of
                                           ICons a0_19 x4_11 -> let x1_12 :: Res = x_2 0 a0_19 INil st
                                             in case x1_12 of
                                                  Res a0_21 x4_12 -> let x1_13 :: Res = x_2 0 a0_17 INil x4_12
                                                    in case x1_13 of
                                                         Res a0_23 x4_13 -> case a0_21 of
                                                             RInt a0_25 -> case a0_23 of
                                                                 RInt a0_27 -> let x_4 :: Int = a0_25 + a0_27
                                                                   in Res (RInt x_4) x4_13
                                                                 _ -> fail "\"./LowFutamuraLazy.hs\",339:32"
                                                             _ -> fail "\"./LowFutamuraLazy.hs\",339:32"
                                           _ -> fail "\"./LowFutamuraLazy.hs\",357:34"
                                       _ -> fail "\"./LowFutamuraLazy.hs\",357:34"
                               True -> case xs of
                                   ICons a0_29 x4_14 -> let x1_17 :: Res = x_2 0 a0_29 INil st
                                     in case x1_17 of
                                          Res a0_31 x4_15 -> case a0_31 of
                                              RNil -> Res RNil x4_15
                                              RCons a0_33 x4_16 -> let j :: RV -> St -> Res = \ (v :: RV) (s :: St) ->
                                                      case v of
                                                        RNil -> Res RNil s
                                                        RCons a0_35 x4_17 -> case s of
                                                            St a0_37 x4_18 -> let s1_2 :: St = St (a0_37 + 1) (x_1 x4_18 a0_37 (Thunk 3 (ICons a0_35 (ICons a0_33 INil))))
                                                              in case s1_2 of
                                                                   St a0_39 x4_19 -> let s1_3 :: St = St (a0_39 + 1) (x_1 x4_19 a0_39 (Thunk 4 (ICons x4_17 (ICons x4_16 INil))))
                                                                     in let x_5 :: RV = RCons a0_37 a0_39
                                                                        in Res x_5 s1_3
                                                        _ -> fail "\"./LowFutamuraLazy.hs\",338:33"
                                                in case a0_31 of
                                                     RNil -> j RNil x4_15
                                                     RCons a0_41 x4_20 -> let x1_23 :: Res = x_2 0 x4_20 INil x4_15
                                                       in case x1_23 of
                                                            Res a0_43 x4_21 -> j a0_43 x4_21
                                                     _ -> fail "\"./LowFutamuraLazy.hs\",338:33"
                                              _ -> fail "\"./LowFutamuraLazy.hs\",338:33"
                                   _ -> fail "\"./LowFutamuraLazy.hs\",357:34"
                           True -> case xs of
                               ICons a0_45 x4_22 -> case st of
                                   St a0_47 x4_23 -> let s1_4 :: St = St (a0_47 + 1) (x_1 x4_23 a0_47 (Done (RInt 1)))
                                     in case s1_4 of
                                          St a0_49 x4_24 -> let s1_5 :: St = St (a0_49 + 1) (x_1 x4_24 a0_49 (Thunk 2 (ICons a0_45 INil)))
                                            in let x_6 :: RV = RCons a0_47 a0_49
                                               in Res x_6 s1_5
                               _ -> fail "\"./LowFutamuraLazy.hs\",357:34"
                       True -> case xs of
                           ICons a0_51 x4_25 -> case st of
                               St a0_53 x4_26 -> let s1_6 :: St = St (a0_53 + 1) (x_1 x4_26 a0_53 (Done (RInt 0)))
                                 in case s1_6 of
                                      St a0_55 x4_27 -> let s1_7 :: St = St (a0_55 + 1) (x_1 x4_27 a0_55 (Thunk 1 (ICons a0_51 INil)))
                                        in let x_7 :: RV = RCons a0_53 a0_55
                                           in Res x_7 s1_7
                           _ -> fail "\"./LowFutamuraLazy.hs\",357:34"
                True -> case st of
                    St x3_2 x4_28 -> let x1_31 :: Cell = x x4_28 a_2
                      in case x1_31 of
                           Done x3_3 -> Res x3_3 st
                           Thunk x5_2 x6 -> let x1_32 :: Res = x_2 (x5_2 + 1) 0 x6 st
                             in case x1_32 of
                                  Res x3_4 a2 -> case a2 of
                                      St a0_56 a1 -> Res x3_4 (St a0_56 (x_1 a1 a_2 (Done x3_4)))
        in let x1_40 :: Res = let x1_34 :: St = St 1 Empty
               in case x1_34 of
                    St a0_58 x4_29 -> let s1_8 :: St = St (a0_58 + 1) (x_1 x4_29 a0_58 (Done RNil))
                      in case s1_8 of
                           St a0_60 x4_30 -> let s1_9 :: St = St a0_60 (x_1 x4_30 a0_58 (Thunk 0 (ICons a0_58 INil)))
                             in letrec
                                  f :: Int -> Int -> St -> Res = \ (a_3 :: Int) (b :: Int) (s_1 :: St) ->
                                      case b == 0 of
                                        False -> let x1_36 :: Res = x_2 0 a_3 INil s_1
                                          in case x1_36 of
                                               Res a0_62 x4_31 -> case a0_62 of
                                                   RNil -> Res (RInt 0) x4_31
                                                   RCons a0_64 x4_32 -> let x_8 :: Int = b - 1
                                                     in f x4_32 x_8 x4_31
                                                   _ -> fail "\"./LowFutamuraLazy.hs\",338:33"
                                        True -> let x1_38 :: Res = x_2 0 a_3 INil s_1
                                          in case x1_38 of
                                               Res a0_66 x4_33 -> case a0_66 of
                                                   RNil -> Res (RInt 0) x4_33
                                                   RCons a0_68 x4_34 -> x_2 0 a0_68 INil x4_33
                                                   _ -> fail "\"./LowFutamuraLazy.hs\",338:33"
                                in f a0_58 n s1_9
           in case x1_40 of
                Res x3_5 x4_35 -> case x3_5 of
                    RInt a0_69 -> a0_69
                    _ -> fail "\"./LowFutamuraLazy.hs\",795:39"
---- pfibs, compact C
#include <stdint.h>
#include <stdlib.h>
typedef struct Cell Cell; typedef struct Ints Ints; typedef struct RV RV; typedef struct Heap Heap; typedef struct Res Res; typedef struct St St;
struct Cell { int tag; union { struct { int64_t f0; Ints * f1; } Thunk; struct { RV * f0; } Done; } u; };
struct Ints { int tag; union { struct { int64_t f0; Ints * f1; } ICons; } u; };
struct RV { int tag; union { struct { int64_t f0; } RInt; struct { int64_t f0; int64_t f1; } RCons; } u; };
struct Heap { int tag; union { struct { Heap * f0; Cell * f1; Heap * f2; } Node; } u; };
struct Res { int tag; union { struct { RV * f0; St * f1; } Res; } u; };
struct St { int tag; union { struct { int64_t f0; Heap * f1; } St; } u; };
static Cell *C_Thunk(int64_t a0, Ints * a1) { Cell *p = malloc(sizeof *p); p->tag = 0; p->u.Thunk.f0 = a0; p->u.Thunk.f1 = a1; return p; }
static Cell *C_Done(RV * a0) { Cell *p = malloc(sizeof *p); p->tag = 1; p->u.Done.f0 = a0; return p; }
static Ints *C_INil(void) { Ints *p = malloc(sizeof *p); p->tag = 0; return p; }
static Ints *C_ICons(int64_t a0, Ints * a1) { Ints *p = malloc(sizeof *p); p->tag = 1; p->u.ICons.f0 = a0; p->u.ICons.f1 = a1; return p; }
static RV *C_RInt(int64_t a0) { RV *p = malloc(sizeof *p); p->tag = 0; p->u.RInt.f0 = a0; return p; }
static RV *C_RNil(void) { RV *p = malloc(sizeof *p); p->tag = 1; return p; }
static RV *C_RCons(int64_t a0, int64_t a1) { RV *p = malloc(sizeof *p); p->tag = 2; p->u.RCons.f0 = a0; p->u.RCons.f1 = a1; return p; }
static Heap *C_Empty(void) { Heap *p = malloc(sizeof *p); p->tag = 0; return p; }
static Heap *C_Node(Heap * a0, Cell * a1, Heap * a2) { Heap *p = malloc(sizeof *p); p->tag = 1; p->u.Node.f0 = a0; p->u.Node.f1 = a1; p->u.Node.f2 = a2; return p; }
static Res *C_Res(RV * a0, St * a1) { Res *p = malloc(sizeof *p); p->tag = 0; p->u.Res.f0 = a0; p->u.Res.f1 = a1; return p; }
static St *C_St(int64_t a0, Heap * a1) { St *p = malloc(sizeof *p); p->tag = 0; p->u.St.f0 = a0; p->u.St.f1 = a1; return p; }
static Cell * x(Heap * h, int64_t a);
static Cell * x(Heap * h, int64_t a) {
  if ((a == 1)) {
    return h->u.Node.f1;
  } else if (((a - (2 * (a / 2))) == 0)) {
    return x(h->u.Node.f0, (a / 2));
  } else {
    return x(h->u.Node.f2, (a / 2));
  }
}
static Heap * x_1(Heap * h_1, int64_t a_1, Cell * c);
static Heap * x_1(Heap * h_1, int64_t a_1, Cell * c) {
  if (h_1->tag == 0) return C_Node(C_Empty(), c, C_Empty());
  Heap * x3_1 = h_1->u.Node.f0;
  Cell * x4_1 = h_1->u.Node.f1;
  Heap * x5_1 = h_1->u.Node.f2;
  if ((a_1 == 1)) {
    return C_Node(x3_1, c, x5_1);
  } else if (((a_1 - (2 * (a_1 / 2))) == 0)) {
    return C_Node(x_1(x3_1, (a_1 / 2), c), x4_1, x5_1);
  } else {
    return C_Node(x3_1, x4_1, x_1(x5_1, (a_1 / 2), c));
  }
}
static Res * x_2(int64_t c_1, int64_t a_2, Ints * xs, St * st);
static Res * j(int64_t a0_33, int64_t x4_16, RV * v, St * s) {
  if (v->tag == 1) return C_Res(C_RNil(), s);
  int64_t a0_37 = s->u.St.f0;
  St * s1_2 = C_St((a0_37 + 1), x_1(s->u.St.f1, a0_37, C_Thunk(3, C_ICons(v->u.RCons.f0, C_ICons(a0_33, C_INil())))));
  int64_t a0_39 = s1_2->u.St.f0;
  St * s1_3 = C_St((a0_39 + 1), x_1(s1_2->u.St.f1, a0_39, C_Thunk(4, C_ICons(v->u.RCons.f1, C_ICons(x4_16, C_INil())))));
  return C_Res(C_RCons(a0_37, a0_39), s1_3);
}
static Res * x_2(int64_t c_1, int64_t a_2, Ints * xs, St * st) {
  if ((c_1 == 0)) {
    Cell * x1_31 = x(st->u.St.f1, a_2);
    if (x1_31->tag == 1) return C_Res(x1_31->u.Done.f0, st);
    Res * x1_32 = x_2((x1_31->u.Thunk.f0 + 1), 0, x1_31->u.Thunk.f1, st);
    RV * x3_4 = x1_32->u.Res.f0;
    St * s0 = x1_32->u.Res.f1;
    return C_Res(x3_4, C_St(s0->u.St.f0, x_1(s0->u.St.f1, a_2, C_Done(x3_4))));
  } else {
    int64_t d = (c_1 - 1);
    if ((d == 0)) {
      int64_t a0_53 = st->u.St.f0;
      St * s1_6 = C_St((a0_53 + 1), x_1(st->u.St.f1, a0_53, C_Done(C_RInt(0))));
      int64_t a0_55 = s1_6->u.St.f0;
      St * s1_7 = C_St((a0_55 + 1), x_1(s1_6->u.St.f1, a0_55, C_Thunk(1, C_ICons(xs->u.ICons.f0, C_INil()))));
      return C_Res(C_RCons(a0_53, a0_55), s1_7);
    } else if ((d == 1)) {
      int64_t a0_47 = st->u.St.f0;
      St * s1_4 = C_St((a0_47 + 1), x_1(st->u.St.f1, a0_47, C_Done(C_RInt(1))));
      int64_t a0_49 = s1_4->u.St.f0;
      St * s1_5 = C_St((a0_49 + 1), x_1(s1_4->u.St.f1, a0_49, C_Thunk(2, C_ICons(xs->u.ICons.f0, C_INil()))));
      return C_Res(C_RCons(a0_47, a0_49), s1_5);
    } else if ((d == 2)) {
      Res * x1_17 = x_2(0, xs->u.ICons.f0, C_INil(), st);
      RV * a0_31 = x1_17->u.Res.f0;
      St * x4_15 = x1_17->u.Res.f1;
      if (a0_31->tag == 1) return C_Res(C_RNil(), x4_15);
      Res * x1_23 = x_2(0, a0_31->u.RCons.f1, C_INil(), x4_15);
      return j(a0_31->u.RCons.f0, a0_31->u.RCons.f1, x1_23->u.Res.f0, x1_23->u.Res.f1);
    } else if ((d == 3)) {
      Ints * s1 = xs->u.ICons.f1;
      Res * x1_12 = x_2(0, s1->u.ICons.f0, C_INil(), st);
      Res * x1_13 = x_2(0, xs->u.ICons.f0, C_INil(), x1_12->u.Res.f1);
      RV * s2 = x1_12->u.Res.f0;
      RV * s3 = x1_13->u.Res.f0;
      return C_Res(C_RInt((s2->u.RInt.f0 + s3->u.RInt.f0)), x1_13->u.Res.f1);
    } else {
      Ints * s4 = xs->u.ICons.f1;
      Res * x1_4 = x_2(0, s4->u.ICons.f0, C_INil(), st);
      St * x4_4 = x1_4->u.Res.f1;
      RV * s5 = x1_4->u.Res.f0;
      if (s5->tag == 1) return C_Res(C_RNil(), x4_4);
      Res * x1_6 = x_2(0, xs->u.ICons.f0, C_INil(), x4_4);
      St * x4_6 = x1_6->u.Res.f1;
      RV * s6 = x1_6->u.Res.f0;
      if (s6->tag == 1) return C_Res(C_RNil(), x4_6);
      int64_t a0_13 = x4_6->u.St.f0;
      St * s1 = C_St((a0_13 + 1), x_1(x4_6->u.St.f1, a0_13, C_Thunk(3, C_ICons(s6->u.RCons.f0, C_ICons(s5->u.RCons.f0, C_INil())))));
      int64_t a0_15 = s1->u.St.f0;
      St * s1_1 = C_St((a0_15 + 1), x_1(s1->u.St.f1, a0_15, C_Thunk(4, C_ICons(s6->u.RCons.f1, C_ICons(s5->u.RCons.f1, C_INil())))));
      return C_Res(C_RCons(a0_13, a0_15), s1_1);
    }
  }
}
static Res * f(int64_t a_3, int64_t b, St * s_1);
static Res * f(int64_t a_3, int64_t b, St * s_1) {
  if ((b == 0)) {
    Res * x1_38 = x_2(0, a_3, C_INil(), s_1);
    St * x4_33 = x1_38->u.Res.f1;
    RV * s7 = x1_38->u.Res.f0;
    if (s7->tag == 1) return C_Res(C_RInt(0), x4_33);
    return x_2(0, s7->u.RCons.f0, C_INil(), x4_33);
  } else {
    Res * x1_36 = x_2(0, a_3, C_INil(), s_1);
    St * x4_31 = x1_36->u.Res.f1;
    RV * s8 = x1_36->u.Res.f0;
    if (s8->tag == 1) return C_Res(C_RInt(0), x4_31);
    return f(s8->u.RCons.f1, (b - 1), x4_31);
  }
}
int64_t pfibs(int64_t n) {
  Res * x1_40;
  St * x1_34 = C_St(1, C_Empty());
  int64_t a0_58 = x1_34->u.St.f0;
  St * s1_8 = C_St((a0_58 + 1), x_1(x1_34->u.St.f1, a0_58, C_Done(C_RNil())));
  St * s1_9 = C_St(s1_8->u.St.f0, x_1(s1_8->u.St.f1, a0_58, C_Thunk(0, C_ICons(a0_58, C_INil()))));
  x1_40 = f(a0_58, n, s1_9);
  RV * s9 = x1_40->u.Res.f0;
  return s9->u.RInt.f0;
}
---- pfibs, compact C with a mutable heap
#include <stdint.h>
#include <stdlib.h>
typedef struct Cell Cell; typedef struct Ints Ints; typedef struct RV RV;
struct Cell { int tag; union { struct { int64_t f0; Ints * f1; } Thunk; struct { RV * f0; } Done; } u; };
struct Ints { int tag; union { struct { int64_t f0; Ints * f1; } ICons; } u; };
struct RV { int tag; union { struct { int64_t f0; } RInt; struct { int64_t f0; int64_t f1; } RCons; } u; };
static Cell *C_Thunk(int64_t a0, Ints * a1) { Cell *p = malloc(sizeof *p); p->tag = 0; p->u.Thunk.f0 = a0; p->u.Thunk.f1 = a1; return p; }
static Cell *C_Done(RV * a0) { Cell *p = malloc(sizeof *p); p->tag = 1; p->u.Done.f0 = a0; return p; }
static Ints *C_INil(void) { Ints *p = malloc(sizeof *p); p->tag = 0; return p; }
static Ints *C_ICons(int64_t a0, Ints * a1) { Ints *p = malloc(sizeof *p); p->tag = 1; p->u.ICons.f0 = a0; p->u.ICons.f1 = a1; return p; }
static RV *C_RInt(int64_t a0) { RV *p = malloc(sizeof *p); p->tag = 0; p->u.RInt.f0 = a0; return p; }
static RV *C_RNil(void) { RV *p = malloc(sizeof *p); p->tag = 1; return p; }
static RV *C_RCons(int64_t a0, int64_t a1) { RV *p = malloc(sizeof *p); p->tag = 2; p->u.RCons.f0 = a0; p->u.RCons.f1 = a1; return p; }
static Cell *heap[1 << 20]; static int64_t hp;
static int64_t alloc(Cell *c) { heap[hp] = c; return hp++; }
static RV * x_2(int64_t c_1, int64_t a_2, Ints * xs);
static RV * j(int64_t a0_33, int64_t x4_16, RV * v) {
  if (v->tag == 1) return C_RNil();
  int64_t a0_37 = alloc(C_Thunk(3, C_ICons(v->u.RCons.f0, C_ICons(a0_33, C_INil()))));
  int64_t a0_39 = alloc(C_Thunk(4, C_ICons(v->u.RCons.f1, C_ICons(x4_16, C_INil()))));
  return C_RCons(a0_37, a0_39);
}
static RV * x_2(int64_t c_1, int64_t a_2, Ints * xs) {
  if ((c_1 == 0)) {
    Cell * x1_31 = heap[a_2];
    if (x1_31->tag == 1) return x1_31->u.Done.f0;
    RV * x1_32 = x_2((x1_31->u.Thunk.f0 + 1), 0, x1_31->u.Thunk.f1);
    heap[a_2] = C_Done(x1_32);
    return x1_32;
  } else {
    int64_t d = (c_1 - 1);
    if ((d == 0)) {
      int64_t a0_53 = alloc(C_Done(C_RInt(0)));
      int64_t a0_55 = alloc(C_Thunk(1, C_ICons(xs->u.ICons.f0, C_INil())));
      return C_RCons(a0_53, a0_55);
    } else if ((d == 1)) {
      int64_t a0_47 = alloc(C_Done(C_RInt(1)));
      int64_t a0_49 = alloc(C_Thunk(2, C_ICons(xs->u.ICons.f0, C_INil())));
      return C_RCons(a0_47, a0_49);
    } else if ((d == 2)) {
      RV * x1_17 = x_2(0, xs->u.ICons.f0, C_INil());
      if (x1_17->tag == 1) return C_RNil();
      RV * x1_23 = x_2(0, x1_17->u.RCons.f1, C_INil());
      return j(x1_17->u.RCons.f0, x1_17->u.RCons.f1, x1_23);
    } else if ((d == 3)) {
      Ints * s0 = xs->u.ICons.f1;
      RV * x1_12 = x_2(0, s0->u.ICons.f0, C_INil());
      RV * x1_13 = x_2(0, xs->u.ICons.f0, C_INil());
      return C_RInt((x1_12->u.RInt.f0 + x1_13->u.RInt.f0));
    } else {
      Ints * s1 = xs->u.ICons.f1;
      RV * x1_4 = x_2(0, s1->u.ICons.f0, C_INil());
      if (x1_4->tag == 1) return C_RNil();
      RV * x1_6 = x_2(0, xs->u.ICons.f0, C_INil());
      if (x1_6->tag == 1) return C_RNil();
      int64_t a0_13 = alloc(C_Thunk(3, C_ICons(x1_6->u.RCons.f0, C_ICons(x1_4->u.RCons.f0, C_INil()))));
      int64_t a0_15 = alloc(C_Thunk(4, C_ICons(x1_6->u.RCons.f1, C_ICons(x1_4->u.RCons.f1, C_INil()))));
      return C_RCons(a0_13, a0_15);
    }
  }
}
static RV * f(int64_t a_3, int64_t b);
static RV * f(int64_t a_3, int64_t b) {
  if ((b == 0)) {
    RV * x1_38 = x_2(0, a_3, C_INil());
    if (x1_38->tag == 1) return C_RInt(0);
    return x_2(0, x1_38->u.RCons.f0, C_INil());
  } else {
    RV * x1_36 = x_2(0, a_3, C_INil());
    if (x1_36->tag == 1) return C_RInt(0);
    return f(x1_36->u.RCons.f1, (b - 1));
  }
}
int64_t pfibs(int64_t n) {
  RV * x1_40;
  hp = 1;
  int64_t a0_58 = alloc(C_Done(C_RNil()));
  heap[a0_58] = C_Thunk(0, C_ICons(a0_58, C_INil()));
  x1_40 = f(a0_58, n);
  return x1_40->u.RInt.f0;
}
---- run
[0,1,1,2,3,5,8,13,21,34,55,89,144,233,377,610,987,1597,2584,4181,6765]
102334155
